{
  "version": "1.5.0",
  "plugins_used": [
    {
      "name": "ArtifactoryDetector"
    },
    {
      "name": "AWSKeyDetector"
    },
    {
      "name": "AzureStorageKeyDetector"
    },
    {
      "name": "Base64HighEntropyString",
      "limit": 4.5
    },
    {
      "name": "BasicAuthDetector"
    },
    {
      "name": "CloudantDetector"
    },
    {
      "name": "DiscordBotTokenDetector"
    },
    {
      "name": "GitHubTokenDetector"
    },
    {
      "name": "GitLabTokenDetector"
    },
    {
      "name": "HexHighEntropyString",
      "limit": 3.0
    },
    {
      "name": "IbmCloudIamDetector"
    },
    {
      "name": "IbmCosHmacDetector"
    },
    {
      "name": "IPPublicDetector"
    },
    {
      "name": "JwtTokenDetector"
    },
    {
      "name": "KeywordDetector",
      "keyword_exclude": ""
    },
    {
      "name": "MailchimpDetector"
    },
    {
      "name": "NpmDetector"
    },
    {
      "name": "OpenAIDetector"
    },
    {
      "name": "PrivateKeyDetector"
    },
    {
      "name": "PypiTokenDetector"
    },
    {
      "name": "SendGridDetector"
    },
    {
      "name": "SlackDetector"
    },
    {
      "name": "SoftlayerDetector"
    },
    {
      "name": "SquareOAuthDetector"
    },
    {
      "name": "StripeDetector"
    },
    {
      "name": "TelegramBotTokenDetector"
    },
    {
      "name": "TwilioKeyDetector"
    }
  ],
  "filters_used": [
    {
      "path": "detect_secrets.filters.allowlist.is_line_allowlisted"
    },
    {
      "path": "detect_secrets.filters.common.is_ignored_due_to_verification_policies",
      "min_level": 2
    },
    {
      "path": "detect_secrets.filters.heuristic.is_indirect_reference"
    },
    {
      "path": "detect_secrets.filters.heuristic.is_likely_id_string"
    },
    {
      "path": "detect_secrets.filters.heuristic.is_lock_file"
    },
    {
      "path": "detect_secrets.filters.heuristic.is_not_alphanumeric_string"
    },
    {
      "path": "detect_secrets.filters.heuristic.is_potential_uuid"
    },
    {
      "path": "detect_secrets.filters.heuristic.is_prefixed_with_dollar_sign"
    },
    {
      "path": "detect_secrets.filters.heuristic.is_sequential_string"
    },
    {
      "path": "detect_secrets.filters.heuristic.is_swagger_file"
    },
    {
      "path": "detect_secrets.filters.heuristic.is_templated_secret"
    }
  ],
  "results": {
    ".ruff_cache\\CACHEDIR.TAG": [
      {
        "type": "Hex High Entropy String",
        "filename": ".ruff_cache\\CACHEDIR.TAG",
        "hashed_secret": "e8f8c345877b2411a59897798e422b15b0c16d76",
        "is_verified": false,
        "line_number": 1
      }
    ],
    "CHANGELOG.md": [
      {
        "type": "Basic Auth Credentials",
        "filename": "CHANGELOG.md",
        "hashed_secret": "9d4e1e23bd5b727046a9e3b4b7db57bd8d6ee684",
        "is_verified": false,
        "line_number": 14
      }
    ],
    "app\\build\\generated\\ksp\\debug\\kotlin\\net\\triton\\frigateviewer\\core\\db\\FrigateDb_Impl.kt": [
      {
        "type": "Hex High Entropy String",
        "filename": "app\\build\\generated\\ksp\\debug\\kotlin\\net\\triton\\frigateviewer\\core\\db\\FrigateDb_Impl.kt",
        "hashed_secret": "08c3f926a1e94df597b8f24a8b37b3d91b6cfd72",
        "is_verified": false,
        "line_number": 39
      }
    ],
    "app\\build\\kspCaches\\debug\\backups\\kotlin\\net\\triton\\frigateviewer\\core\\db\\FrigateDb_Impl.kt": [
      {
        "type": "Hex High Entropy String",
        "filename": "app\\build\\kspCaches\\debug\\backups\\kotlin\\net\\triton\\frigateviewer\\core\\db\\FrigateDb_Impl.kt",
        "hashed_secret": "08c3f926a1e94df597b8f24a8b37b3d91b6cfd72",
        "is_verified": false,
        "line_number": 39
      }
    ],
    "build\\reports\\configuration-cache\\2xn5hg2qsohl7mv2m7pwhiver\\17eles13j91dyx12m0oxj945x\\configuration-cache-report.html": [
      {
        "type": "Base64 High Entropy String",
        "filename": "build\\reports\\configuration-cache\\2xn5hg2qsohl7mv2m7pwhiver\\17eles13j91dyx12m0oxj945x\\configuration-cache-report.html",
        "hashed_secret": "0309fdfdb7b6a393897108de62d131b5916f0a4b",
        "is_verified": false,
        "line_number": 661
      },
      {
        "type": "Base64 High Entropy String",
        "filename": "build\\reports\\configuration-cache\\2xn5hg2qsohl7mv2m7pwhiver\\17eles13j91dyx12m0oxj945x\\configuration-cache-report.html",
        "hashed_secret": "045e02bff1b0141e9ed3867cf14fa3e05f9f1255",
        "is_verified": false,
        "line_number": 661
      },
      {
        "type": "Base64 High Entropy String",
        "filename": "build\\reports\\configuration-cache\\2xn5hg2qsohl7mv2m7pwhiver\\17eles13j91dyx12m0oxj945x\\configuration-cache-report.html",
        "hashed_secret": "f8670c6a59f9bde19d706fcb7392899e8d299587",
        "is_verified": false,
        "line_number": 661
      }
    ],
    "build\\reports\\configuration-cache\\2xn5hg2qsohl7mv2m7pwhiver\\1nnlkffwhb1hhevpsarxb65r2\\configuration-cache-report.html": [
      {
        "type": "Base64 High Entropy String",
        "filename": "build\\reports\\configuration-cache\\2xn5hg2qsohl7mv2m7pwhiver\\1nnlkffwhb1hhevpsarxb65r2\\configuration-cache-report.html",
        "hashed_secret": "0309fdfdb7b6a393897108de62d131b5916f0a4b",
        "is_verified": false,
        "line_number": 661
      },
      {
        "type": "Base64 High Entropy String",
        "filename": "build\\reports\\configuration-cache\\2xn5hg2qsohl7mv2m7pwhiver\\1nnlkffwhb1hhevpsarxb65r2\\configuration-cache-report.html",
        "hashed_secret": "045e02bff1b0141e9ed3867cf14fa3e05f9f1255",
        "is_verified": false,
        "line_number": 661
      },
      {
        "type": "Base64 High Entropy String",
        "filename": "build\\reports\\configuration-cache\\2xn5hg2qsohl7mv2m7pwhiver\\1nnlkffwhb1hhevpsarxb65r2\\configuration-cache-report.html",
        "hashed_secret": "f8670c6a59f9bde19d706fcb7392899e8d299587",
        "is_verified": false,
        "line_number": 661
      }
    ],
    "build\\reports\\configuration-cache\\2xn5hg2qsohl7mv2m7pwhiver\\234crbgt4va7blemzspzpvtfr\\configuration-cache-report.html": [
      {
        "type": "Base64 High Entropy String",
        "filename": "build\\reports\\configuration-cache\\2xn5hg2qsohl7mv2m7pwhiver\\234crbgt4va7blemzspzpvtfr\\configuration-cache-report.html",
        "hashed_secret": "0309fdfdb7b6a393897108de62d131b5916f0a4b",
        "is_verified": false,
        "line_number": 661
      },
      {
        "type": "Base64 High Entropy String",
        "filename": "build\\reports\\configuration-cache\\2xn5hg2qsohl7mv2m7pwhiver\\234crbgt4va7blemzspzpvtfr\\configuration-cache-report.html",
        "hashed_secret": "045e02bff1b0141e9ed3867cf14fa3e05f9f1255",
        "is_verified": false,
        "line_number": 661
      },
      {
        "type": "Base64 High Entropy String",
        "filename": "build\\reports\\configuration-cache\\2xn5hg2qsohl7mv2m7pwhiver\\234crbgt4va7blemzspzpvtfr\\configuration-cache-report.html",
        "hashed_secret": "f8670c6a59f9bde19d706fcb7392899e8d299587",
        "is_verified": false,
        "line_number": 661
      }
    ],
    "build\\reports\\configuration-cache\\2xn5hg2qsohl7mv2m7pwhiver\\5g5zk3oap4pxwxeoa0d2sqiv5\\configuration-cache-report.html": [
      {
        "type": "Base64 High Entropy String",
        "filename": "build\\reports\\configuration-cache\\2xn5hg2qsohl7mv2m7pwhiver\\5g5zk3oap4pxwxeoa0d2sqiv5\\configuration-cache-report.html",
        "hashed_secret": "0309fdfdb7b6a393897108de62d131b5916f0a4b",
        "is_verified": false,
        "line_number": 661
      },
      {
        "type": "Base64 High Entropy String",
        "filename": "build\\reports\\configuration-cache\\2xn5hg2qsohl7mv2m7pwhiver\\5g5zk3oap4pxwxeoa0d2sqiv5\\configuration-cache-report.html",
        "hashed_secret": "045e02bff1b0141e9ed3867cf14fa3e05f9f1255",
        "is_verified": false,
        "line_number": 661
      },
      {
        "type": "Base64 High Entropy String",
        "filename": "build\\reports\\configuration-cache\\2xn5hg2qsohl7mv2m7pwhiver\\5g5zk3oap4pxwxeoa0d2sqiv5\\configuration-cache-report.html",
        "hashed_secret": "f8670c6a59f9bde19d706fcb7392899e8d299587",
        "is_verified": false,
        "line_number": 661
      }
    ],
    "build\\reports\\configuration-cache\\2xn5hg2qsohl7mv2m7pwhiver\\63kqlfx726oi7072lb9b95id3\\configuration-cache-report.html": [
      {
        "type": "Base64 High Entropy String",
        "filename": "build\\reports\\configuration-cache\\2xn5hg2qsohl7mv2m7pwhiver\\63kqlfx726oi7072lb9b95id3\\configuration-cache-report.html",
        "hashed_secret": "0309fdfdb7b6a393897108de62d131b5916f0a4b",
        "is_verified": false,
        "line_number": 661
      },
      {
        "type": "Base64 High Entropy String",
        "filename": "build\\reports\\configuration-cache\\2xn5hg2qsohl7mv2m7pwhiver\\63kqlfx726oi7072lb9b95id3\\configuration-cache-report.html",
        "hashed_secret": "045e02bff1b0141e9ed3867cf14fa3e05f9f1255",
        "is_verified": false,
        "line_number": 661
      },
      {
        "type": "Base64 High Entropy String",
        "filename": "build\\reports\\configuration-cache\\2xn5hg2qsohl7mv2m7pwhiver\\63kqlfx726oi7072lb9b95id3\\configuration-cache-report.html",
        "hashed_secret": "f8670c6a59f9bde19d706fcb7392899e8d299587",
        "is_verified": false,
        "line_number": 661
      }
    ],
    "build\\reports\\configuration-cache\\2xn5hg2qsohl7mv2m7pwhiver\\6njqqgeqfy7mo9x0kjztn6k3v\\configuration-cache-report.html": [
      {
        "type": "Base64 High Entropy String",
        "filename": "build\\reports\\configuration-cache\\2xn5hg2qsohl7mv2m7pwhiver\\6njqqgeqfy7mo9x0kjztn6k3v\\configuration-cache-report.html",
        "hashed_secret": "0309fdfdb7b6a393897108de62d131b5916f0a4b",
        "is_verified": false,
        "line_number": 661
      },
      {
        "type": "Base64 High Entropy String",
        "filename": "build\\reports\\configuration-cache\\2xn5hg2qsohl7mv2m7pwhiver\\6njqqgeqfy7mo9x0kjztn6k3v\\configuration-cache-report.html",
        "hashed_secret": "045e02bff1b0141e9ed3867cf14fa3e05f9f1255",
        "is_verified": false,
        "line_number": 661
      },
      {
        "type": "Base64 High Entropy String",
        "filename": "build\\reports\\configuration-cache\\2xn5hg2qsohl7mv2m7pwhiver\\6njqqgeqfy7mo9x0kjztn6k3v\\configuration-cache-report.html",
        "hashed_secret": "f8670c6a59f9bde19d706fcb7392899e8d299587",
        "is_verified": false,
        "line_number": 661
      }
    ],
    "build\\reports\\configuration-cache\\2xn5hg2qsohl7mv2m7pwhiver\\7kg7h3f0nra7jjrsziz29az0k\\configuration-cache-report.html": [
      {
        "type": "Base64 High Entropy String",
        "filename": "build\\reports\\configuration-cache\\2xn5hg2qsohl7mv2m7pwhiver\\7kg7h3f0nra7jjrsziz29az0k\\configuration-cache-report.html",
        "hashed_secret": "0309fdfdb7b6a393897108de62d131b5916f0a4b",
        "is_verified": false,
        "line_number": 661
      },
      {
        "type": "Base64 High Entropy String",
        "filename": "build\\reports\\configuration-cache\\2xn5hg2qsohl7mv2m7pwhiver\\7kg7h3f0nra7jjrsziz29az0k\\configuration-cache-report.html",
        "hashed_secret": "045e02bff1b0141e9ed3867cf14fa3e05f9f1255",
        "is_verified": false,
        "line_number": 661
      },
      {
        "type": "Base64 High Entropy String",
        "filename": "build\\reports\\configuration-cache\\2xn5hg2qsohl7mv2m7pwhiver\\7kg7h3f0nra7jjrsziz29az0k\\configuration-cache-report.html",
        "hashed_secret": "f8670c6a59f9bde19d706fcb7392899e8d299587",
        "is_verified": false,
        "line_number": 661
      }
    ],
    "build\\reports\\configuration-cache\\2xn5hg2qsohl7mv2m7pwhiver\\85c59mcgoeu1trgtar3wcz3yf\\configuration-cache-report.html": [
      {
        "type": "Base64 High Entropy String",
        "filename": "build\\reports\\configuration-cache\\2xn5hg2qsohl7mv2m7pwhiver\\85c59mcgoeu1trgtar3wcz3yf\\configuration-cache-report.html",
        "hashed_secret": "0309fdfdb7b6a393897108de62d131b5916f0a4b",
        "is_verified": false,
        "line_number": 661
      },
      {
        "type": "Base64 High Entropy String",
        "filename": "build\\reports\\configuration-cache\\2xn5hg2qsohl7mv2m7pwhiver\\85c59mcgoeu1trgtar3wcz3yf\\configuration-cache-report.html",
        "hashed_secret": "045e02bff1b0141e9ed3867cf14fa3e05f9f1255",
        "is_verified": false,
        "line_number": 661
      },
      {
        "type": "Base64 High Entropy String",
        "filename": "build\\reports\\configuration-cache\\2xn5hg2qsohl7mv2m7pwhiver\\85c59mcgoeu1trgtar3wcz3yf\\configuration-cache-report.html",
        "hashed_secret": "f8670c6a59f9bde19d706fcb7392899e8d299587",
        "is_verified": false,
        "line_number": 661
      }
    ],
    "build\\reports\\configuration-cache\\2xn5hg2qsohl7mv2m7pwhiver\\akwsxgiu155brqxhzqqm9uveg\\configuration-cache-report.html": [
      {
        "type": "Base64 High Entropy String",
        "filename": "build\\reports\\configuration-cache\\2xn5hg2qsohl7mv2m7pwhiver\\akwsxgiu155brqxhzqqm9uveg\\configuration-cache-report.html",
        "hashed_secret": "0309fdfdb7b6a393897108de62d131b5916f0a4b",
        "is_verified": false,
        "line_number": 661
      },
      {
        "type": "Base64 High Entropy String",
        "filename": "build\\reports\\configuration-cache\\2xn5hg2qsohl7mv2m7pwhiver\\akwsxgiu155brqxhzqqm9uveg\\configuration-cache-report.html",
        "hashed_secret": "045e02bff1b0141e9ed3867cf14fa3e05f9f1255",
        "is_verified": false,
        "line_number": 661
      },
      {
        "type": "Base64 High Entropy String",
        "filename": "build\\reports\\configuration-cache\\2xn5hg2qsohl7mv2m7pwhiver\\akwsxgiu155brqxhzqqm9uveg\\configuration-cache-report.html",
        "hashed_secret": "f8670c6a59f9bde19d706fcb7392899e8d299587",
        "is_verified": false,
        "line_number": 661
      }
    ],
    "build\\reports\\configuration-cache\\2xn5hg2qsohl7mv2m7pwhiver\\c9wfgyjjvxbp07efdiw6l3838\\configuration-cache-report.html": [
      {
        "type": "Base64 High Entropy String",
        "filename": "build\\reports\\configuration-cache\\2xn5hg2qsohl7mv2m7pwhiver\\c9wfgyjjvxbp07efdiw6l3838\\configuration-cache-report.html",
        "hashed_secret": "0309fdfdb7b6a393897108de62d131b5916f0a4b",
        "is_verified": false,
        "line_number": 661
      },
      {
        "type": "Base64 High Entropy String",
        "filename": "build\\reports\\configuration-cache\\2xn5hg2qsohl7mv2m7pwhiver\\c9wfgyjjvxbp07efdiw6l3838\\configuration-cache-report.html",
        "hashed_secret": "045e02bff1b0141e9ed3867cf14fa3e05f9f1255",
        "is_verified": false,
        "line_number": 661
      },
      {
        "type": "Base64 High Entropy String",
        "filename": "build\\reports\\configuration-cache\\2xn5hg2qsohl7mv2m7pwhiver\\c9wfgyjjvxbp07efdiw6l3838\\configuration-cache-report.html",
        "hashed_secret": "f8670c6a59f9bde19d706fcb7392899e8d299587",
        "is_verified": false,
        "line_number": 661
      }
    ],
    "build\\reports\\configuration-cache\\2xn5hg2qsohl7mv2m7pwhiver\\d01z0tpf669l8rivgyxv7pq7g\\configuration-cache-report.html": [
      {
        "type": "Base64 High Entropy String",
        "filename": "build\\reports\\configuration-cache\\2xn5hg2qsohl7mv2m7pwhiver\\d01z0tpf669l8rivgyxv7pq7g\\configuration-cache-report.html",
        "hashed_secret": "0309fdfdb7b6a393897108de62d131b5916f0a4b",
        "is_verified": false,
        "line_number": 661
      },
      {
        "type": "Base64 High Entropy String",
        "filename": "build\\reports\\configuration-cache\\2xn5hg2qsohl7mv2m7pwhiver\\d01z0tpf669l8rivgyxv7pq7g\\configuration-cache-report.html",
        "hashed_secret": "045e02bff1b0141e9ed3867cf14fa3e05f9f1255",
        "is_verified": false,
        "line_number": 661
      },
      {
        "type": "Base64 High Entropy String",
        "filename": "build\\reports\\configuration-cache\\2xn5hg2qsohl7mv2m7pwhiver\\d01z0tpf669l8rivgyxv7pq7g\\configuration-cache-report.html",
        "hashed_secret": "f8670c6a59f9bde19d706fcb7392899e8d299587",
        "is_verified": false,
        "line_number": 661
      }
    ],
    "build\\reports\\configuration-cache\\2xn5hg2qsohl7mv2m7pwhiver\\e7dwhpalozwwtx9xmhqtq1s8x\\configuration-cache-report.html": [
      {
        "type": "Base64 High Entropy String",
        "filename": "build\\reports\\configuration-cache\\2xn5hg2qsohl7mv2m7pwhiver\\e7dwhpalozwwtx9xmhqtq1s8x\\configuration-cache-report.html",
        "hashed_secret": "0309fdfdb7b6a393897108de62d131b5916f0a4b",
        "is_verified": false,
        "line_number": 661
      },
      {
        "type": "Base64 High Entropy String",
        "filename": "build\\reports\\configuration-cache\\2xn5hg2qsohl7mv2m7pwhiver\\e7dwhpalozwwtx9xmhqtq1s8x\\configuration-cache-report.html",
        "hashed_secret": "045e02bff1b0141e9ed3867cf14fa3e05f9f1255",
        "is_verified": false,
        "line_number": 661
      },
      {
        "type": "Base64 High Entropy String",
        "filename": "build\\reports\\configuration-cache\\2xn5hg2qsohl7mv2m7pwhiver\\e7dwhpalozwwtx9xmhqtq1s8x\\configuration-cache-report.html",
        "hashed_secret": "f8670c6a59f9bde19d706fcb7392899e8d299587",
        "is_verified": false,
        "line_number": 661
      }
    ],
    "build\\reports\\configuration-cache\\2xn5hg2qsohl7mv2m7pwhiver\\yy9vllthl6iepk24kd2sw2g2\\configuration-cache-report.html": [
      {
        "type": "Base64 High Entropy String",
        "filename": "build\\reports\\configuration-cache\\2xn5hg2qsohl7mv2m7pwhiver\\yy9vllthl6iepk24kd2sw2g2\\configuration-cache-report.html",
        "hashed_secret": "0309fdfdb7b6a393897108de62d131b5916f0a4b",
        "is_verified": false,
        "line_number": 661
      },
      {
        "type": "Base64 High Entropy String",
        "filename": "build\\reports\\configuration-cache\\2xn5hg2qsohl7mv2m7pwhiver\\yy9vllthl6iepk24kd2sw2g2\\configuration-cache-report.html",
        "hashed_secret": "045e02bff1b0141e9ed3867cf14fa3e05f9f1255",
        "is_verified": false,
        "line_number": 661
      },
      {
        "type": "Base64 High Entropy String",
        "filename": "build\\reports\\configuration-cache\\2xn5hg2qsohl7mv2m7pwhiver\\yy9vllthl6iepk24kd2sw2g2\\configuration-cache-report.html",
        "hashed_secret": "f8670c6a59f9bde19d706fcb7392899e8d299587",
        "is_verified": false,
        "line_number": 661
      }
    ],
    "build\\reports\\configuration-cache\\38knt2gb5d1yrfzslw9ekorb\\2eawzbo42fr661wo7hqzl8pxa\\configuration-cache-report.html": [
      {
        "type": "Base64 High Entropy String",
        "filename": "build\\reports\\configuration-cache\\38knt2gb5d1yrfzslw9ekorb\\2eawzbo42fr661wo7hqzl8pxa\\configuration-cache-report.html",
        "hashed_secret": "0309fdfdb7b6a393897108de62d131b5916f0a4b",
        "is_verified": false,
        "line_number": 661
      },
      {
        "type": "Base64 High Entropy String",
        "filename": "build\\reports\\configuration-cache\\38knt2gb5d1yrfzslw9ekorb\\2eawzbo42fr661wo7hqzl8pxa\\configuration-cache-report.html",
        "hashed_secret": "045e02bff1b0141e9ed3867cf14fa3e05f9f1255",
        "is_verified": false,
        "line_number": 661
      },
      {
        "type": "Base64 High Entropy String",
        "filename": "build\\reports\\configuration-cache\\38knt2gb5d1yrfzslw9ekorb\\2eawzbo42fr661wo7hqzl8pxa\\configuration-cache-report.html",
        "hashed_secret": "f8670c6a59f9bde19d706fcb7392899e8d299587",
        "is_verified": false,
        "line_number": 661
      }
    ],
    "build\\reports\\configuration-cache\\41rq1w6s2yx8g4tfc7hrndlzw\\1vokr94a55go1ovz1sru3jvaj\\configuration-cache-report.html": [
      {
        "type": "Base64 High Entropy String",
        "filename": "build\\reports\\configuration-cache\\41rq1w6s2yx8g4tfc7hrndlzw\\1vokr94a55go1ovz1sru3jvaj\\configuration-cache-report.html",
        "hashed_secret": "0309fdfdb7b6a393897108de62d131b5916f0a4b",
        "is_verified": false,
        "line_number": 661
      },
      {
        "type": "Base64 High Entropy String",
        "filename": "build\\reports\\configuration-cache\\41rq1w6s2yx8g4tfc7hrndlzw\\1vokr94a55go1ovz1sru3jvaj\\configuration-cache-report.html",
        "hashed_secret": "045e02bff1b0141e9ed3867cf14fa3e05f9f1255",
        "is_verified": false,
        "line_number": 661
      },
      {
        "type": "Base64 High Entropy String",
        "filename": "build\\reports\\configuration-cache\\41rq1w6s2yx8g4tfc7hrndlzw\\1vokr94a55go1ovz1sru3jvaj\\configuration-cache-report.html",
        "hashed_secret": "f8670c6a59f9bde19d706fcb7392899e8d299587",
        "is_verified": false,
        "line_number": 661
      }
    ],
    "build\\reports\\configuration-cache\\41rq1w6s2yx8g4tfc7hrndlzw\\2ov5piqommh9uzi6rak93mpnd\\configuration-cache-report.html": [
      {
        "type": "Base64 High Entropy String",
        "filename": "build\\reports\\configuration-cache\\41rq1w6s2yx8g4tfc7hrndlzw\\2ov5piqommh9uzi6rak93mpnd\\configuration-cache-report.html",
        "hashed_secret": "0309fdfdb7b6a393897108de62d131b5916f0a4b",
        "is_verified": false,
        "line_number": 661
      },
      {
        "type": "Base64 High Entropy String",
        "filename": "build\\reports\\configuration-cache\\41rq1w6s2yx8g4tfc7hrndlzw\\2ov5piqommh9uzi6rak93mpnd\\configuration-cache-report.html",
        "hashed_secret": "045e02bff1b0141e9ed3867cf14fa3e05f9f1255",
        "is_verified": false,
        "line_number": 661
      },
      {
        "type": "Base64 High Entropy String",
        "filename": "build\\reports\\configuration-cache\\41rq1w6s2yx8g4tfc7hrndlzw\\2ov5piqommh9uzi6rak93mpnd\\configuration-cache-report.html",
        "hashed_secret": "f8670c6a59f9bde19d706fcb7392899e8d299587",
        "is_verified": false,
        "line_number": 661
      }
    ],
    "build\\reports\\configuration-cache\\41rq1w6s2yx8g4tfc7hrndlzw\\brg9hz1fiymt61binsusw63pc\\configuration-cache-report.html": [
      {
        "type": "Base64 High Entropy String",
        "filename": "build\\reports\\configuration-cache\\41rq1w6s2yx8g4tfc7hrndlzw\\brg9hz1fiymt61binsusw63pc\\configuration-cache-report.html",
        "hashed_secret": "0309fdfdb7b6a393897108de62d131b5916f0a4b",
        "is_verified": false,
        "line_number": 661
      },
      {
        "type": "Base64 High Entropy String",
        "filename": "build\\reports\\configuration-cache\\41rq1w6s2yx8g4tfc7hrndlzw\\brg9hz1fiymt61binsusw63pc\\configuration-cache-report.html",
        "hashed_secret": "045e02bff1b0141e9ed3867cf14fa3e05f9f1255",
        "is_verified": false,
        "line_number": 661
      },
      {
        "type": "Base64 High Entropy String",
        "filename": "build\\reports\\configuration-cache\\41rq1w6s2yx8g4tfc7hrndlzw\\brg9hz1fiymt61binsusw63pc\\configuration-cache-report.html",
        "hashed_secret": "f8670c6a59f9bde19d706fcb7392899e8d299587",
        "is_verified": false,
        "line_number": 661
      }
    ],
    "build\\reports\\configuration-cache\\41rq1w6s2yx8g4tfc7hrndlzw\\doqhi7mf59l0zob98dlq38zuo\\configuration-cache-report.html": [
      {
        "type": "Base64 High Entropy String",
        "filename": "build\\reports\\configuration-cache\\41rq1w6s2yx8g4tfc7hrndlzw\\doqhi7mf59l0zob98dlq38zuo\\configuration-cache-report.html",
        "hashed_secret": "0309fdfdb7b6a393897108de62d131b5916f0a4b",
        "is_verified": false,
        "line_number": 661
      },
      {
        "type": "Base64 High Entropy String",
        "filename": "build\\reports\\configuration-cache\\41rq1w6s2yx8g4tfc7hrndlzw\\doqhi7mf59l0zob98dlq38zuo\\configuration-cache-report.html",
        "hashed_secret": "045e02bff1b0141e9ed3867cf14fa3e05f9f1255",
        "is_verified": false,
        "line_number": 661
      },
      {
        "type": "Base64 High Entropy String",
        "filename": "build\\reports\\configuration-cache\\41rq1w6s2yx8g4tfc7hrndlzw\\doqhi7mf59l0zob98dlq38zuo\\configuration-cache-report.html",
        "hashed_secret": "f8670c6a59f9bde19d706fcb7392899e8d299587",
        "is_verified": false,
        "line_number": 661
      }
    ],
    "build\\reports\\configuration-cache\\46fy3miy0vafepuiwbm7axq4f\\bbcg86b27d8kx69p9un0qrx2g\\configuration-cache-report.html": [
      {
        "type": "Base64 High Entropy String",
        "filename": "build\\reports\\configuration-cache\\46fy3miy0vafepuiwbm7axq4f\\bbcg86b27d8kx69p9un0qrx2g\\configuration-cache-report.html",
        "hashed_secret": "0309fdfdb7b6a393897108de62d131b5916f0a4b",
        "is_verified": false,
        "line_number": 661
      },
      {
        "type": "Base64 High Entropy String",
        "filename": "build\\reports\\configuration-cache\\46fy3miy0vafepuiwbm7axq4f\\bbcg86b27d8kx69p9un0qrx2g\\configuration-cache-report.html",
        "hashed_secret": "045e02bff1b0141e9ed3867cf14fa3e05f9f1255",
        "is_verified": false,
        "line_number": 661
      },
      {
        "type": "Base64 High Entropy String",
        "filename": "build\\reports\\configuration-cache\\46fy3miy0vafepuiwbm7axq4f\\bbcg86b27d8kx69p9un0qrx2g\\configuration-cache-report.html",
        "hashed_secret": "f8670c6a59f9bde19d706fcb7392899e8d299587",
        "is_verified": false,
        "line_number": 661
      }
    ],
    "build\\reports\\configuration-cache\\48gkfpr3aermqyo7d4iknb16u\\1r3887h4vohycd7p3fau036x9\\configuration-cache-report.html": [
      {
        "type": "Base64 High Entropy String",
        "filename": "build\\reports\\configuration-cache\\48gkfpr3aermqyo7d4iknb16u\\1r3887h4vohycd7p3fau036x9\\configuration-cache-report.html",
        "hashed_secret": "0309fdfdb7b6a393897108de62d131b5916f0a4b",
        "is_verified": false,
        "line_number": 661
      },
      {
        "type": "Base64 High Entropy String",
        "filename": "build\\reports\\configuration-cache\\48gkfpr3aermqyo7d4iknb16u\\1r3887h4vohycd7p3fau036x9\\configuration-cache-report.html",
        "hashed_secret": "045e02bff1b0141e9ed3867cf14fa3e05f9f1255",
        "is_verified": false,
        "line_number": 661
      },
      {
        "type": "Base64 High Entropy String",
        "filename": "build\\reports\\configuration-cache\\48gkfpr3aermqyo7d4iknb16u\\1r3887h4vohycd7p3fau036x9\\configuration-cache-report.html",
        "hashed_secret": "f8670c6a59f9bde19d706fcb7392899e8d299587",
        "is_verified": false,
        "line_number": 661
      }
    ],
    "build\\reports\\configuration-cache\\48gkfpr3aermqyo7d4iknb16u\\4gqum68xrceewi7jryydzhri\\configuration-cache-report.html": [
      {
        "type": "Base64 High Entropy String",
        "filename": "build\\reports\\configuration-cache\\48gkfpr3aermqyo7d4iknb16u\\4gqum68xrceewi7jryydzhri\\configuration-cache-report.html",
        "hashed_secret": "0309fdfdb7b6a393897108de62d131b5916f0a4b",
        "is_verified": false,
        "line_number": 661
      },
      {
        "type": "Base64 High Entropy String",
        "filename": "build\\reports\\configuration-cache\\48gkfpr3aermqyo7d4iknb16u\\4gqum68xrceewi7jryydzhri\\configuration-cache-report.html",
        "hashed_secret": "045e02bff1b0141e9ed3867cf14fa3e05f9f1255",
        "is_verified": false,
        "line_number": 661
      },
      {
        "type": "Base64 High Entropy String",
        "filename": "build\\reports\\configuration-cache\\48gkfpr3aermqyo7d4iknb16u\\4gqum68xrceewi7jryydzhri\\configuration-cache-report.html",
        "hashed_secret": "f8670c6a59f9bde19d706fcb7392899e8d299587",
        "is_verified": false,
        "line_number": 661
      }
    ],
    "build\\reports\\configuration-cache\\48gkfpr3aermqyo7d4iknb16u\\4u23bm3r8mlcr6nbuilhf2ifs\\configuration-cache-report.html": [
      {
        "type": "Base64 High Entropy String",
        "filename": "build\\reports\\configuration-cache\\48gkfpr3aermqyo7d4iknb16u\\4u23bm3r8mlcr6nbuilhf2ifs\\configuration-cache-report.html",
        "hashed_secret": "0309fdfdb7b6a393897108de62d131b5916f0a4b",
        "is_verified": false,
        "line_number": 661
      },
      {
        "type": "Base64 High Entropy String",
        "filename": "build\\reports\\configuration-cache\\48gkfpr3aermqyo7d4iknb16u\\4u23bm3r8mlcr6nbuilhf2ifs\\configuration-cache-report.html",
        "hashed_secret": "045e02bff1b0141e9ed3867cf14fa3e05f9f1255",
        "is_verified": false,
        "line_number": 661
      },
      {
        "type": "Base64 High Entropy String",
        "filename": "build\\reports\\configuration-cache\\48gkfpr3aermqyo7d4iknb16u\\4u23bm3r8mlcr6nbuilhf2ifs\\configuration-cache-report.html",
        "hashed_secret": "f8670c6a59f9bde19d706fcb7392899e8d299587",
        "is_verified": false,
        "line_number": 661
      }
    ],
    "build\\reports\\configuration-cache\\48gkfpr3aermqyo7d4iknb16u\\5kew7fclz3beenfg5w35c9sq5\\configuration-cache-report.html": [
      {
        "type": "Base64 High Entropy String",
        "filename": "build\\reports\\configuration-cache\\48gkfpr3aermqyo7d4iknb16u\\5kew7fclz3beenfg5w35c9sq5\\configuration-cache-report.html",
        "hashed_secret": "0309fdfdb7b6a393897108de62d131b5916f0a4b",
        "is_verified": false,
        "line_number": 661
      },
      {
        "type": "Base64 High Entropy String",
        "filename": "build\\reports\\configuration-cache\\48gkfpr3aermqyo7d4iknb16u\\5kew7fclz3beenfg5w35c9sq5\\configuration-cache-report.html",
        "hashed_secret": "045e02bff1b0141e9ed3867cf14fa3e05f9f1255",
        "is_verified": false,
        "line_number": 661
      },
      {
        "type": "Base64 High Entropy String",
        "filename": "build\\reports\\configuration-cache\\48gkfpr3aermqyo7d4iknb16u\\5kew7fclz3beenfg5w35c9sq5\\configuration-cache-report.html",
        "hashed_secret": "f8670c6a59f9bde19d706fcb7392899e8d299587",
        "is_verified": false,
        "line_number": 661
      }
    ],
    "build\\reports\\configuration-cache\\48gkfpr3aermqyo7d4iknb16u\\6vqrri9nda4c0ngw4u4zks8c1\\configuration-cache-report.html": [
      {
        "type": "Base64 High Entropy String",
        "filename": "build\\reports\\configuration-cache\\48gkfpr3aermqyo7d4iknb16u\\6vqrri9nda4c0ngw4u4zks8c1\\configuration-cache-report.html",
        "hashed_secret": "0309fdfdb7b6a393897108de62d131b5916f0a4b",
        "is_verified": false,
        "line_number": 661
      },
      {
        "type": "Base64 High Entropy String",
        "filename": "build\\reports\\configuration-cache\\48gkfpr3aermqyo7d4iknb16u\\6vqrri9nda4c0ngw4u4zks8c1\\configuration-cache-report.html",
        "hashed_secret": "045e02bff1b0141e9ed3867cf14fa3e05f9f1255",
        "is_verified": false,
        "line_number": 661
      },
      {
        "type": "Base64 High Entropy String",
        "filename": "build\\reports\\configuration-cache\\48gkfpr3aermqyo7d4iknb16u\\6vqrri9nda4c0ngw4u4zks8c1\\configuration-cache-report.html",
        "hashed_secret": "f8670c6a59f9bde19d706fcb7392899e8d299587",
        "is_verified": false,
        "line_number": 661
      }
    ],
    "build\\reports\\configuration-cache\\48gkfpr3aermqyo7d4iknb16u\\a0drkpvmj4stu4akn6q6h0bl5\\configuration-cache-report.html": [
      {
        "type": "Base64 High Entropy String",
        "filename": "build\\reports\\configuration-cache\\48gkfpr3aermqyo7d4iknb16u\\a0drkpvmj4stu4akn6q6h0bl5\\configuration-cache-report.html",
        "hashed_secret": "0309fdfdb7b6a393897108de62d131b5916f0a4b",
        "is_verified": false,
        "line_number": 661
      },
      {
        "type": "Base64 High Entropy String",
        "filename": "build\\reports\\configuration-cache\\48gkfpr3aermqyo7d4iknb16u\\a0drkpvmj4stu4akn6q6h0bl5\\configuration-cache-report.html",
        "hashed_secret": "045e02bff1b0141e9ed3867cf14fa3e05f9f1255",
        "is_verified": false,
        "line_number": 661
      },
      {
        "type": "Base64 High Entropy String",
        "filename": "build\\reports\\configuration-cache\\48gkfpr3aermqyo7d4iknb16u\\a0drkpvmj4stu4akn6q6h0bl5\\configuration-cache-report.html",
        "hashed_secret": "f8670c6a59f9bde19d706fcb7392899e8d299587",
        "is_verified": false,
        "line_number": 661
      }
    ],
    "build\\reports\\configuration-cache\\5po7iq0s65159sjfas4fqkve2\\112g85plhiepkkqeg7b6k6ngi\\configuration-cache-report.html": [
      {
        "type": "Base64 High Entropy String",
        "filename": "build\\reports\\configuration-cache\\5po7iq0s65159sjfas4fqkve2\\112g85plhiepkkqeg7b6k6ngi\\configuration-cache-report.html",
        "hashed_secret": "0309fdfdb7b6a393897108de62d131b5916f0a4b",
        "is_verified": false,
        "line_number": 661
      },
      {
        "type": "Base64 High Entropy String",
        "filename": "build\\reports\\configuration-cache\\5po7iq0s65159sjfas4fqkve2\\112g85plhiepkkqeg7b6k6ngi\\configuration-cache-report.html",
        "hashed_secret": "045e02bff1b0141e9ed3867cf14fa3e05f9f1255",
        "is_verified": false,
        "line_number": 661
      },
      {
        "type": "Base64 High Entropy String",
        "filename": "build\\reports\\configuration-cache\\5po7iq0s65159sjfas4fqkve2\\112g85plhiepkkqeg7b6k6ngi\\configuration-cache-report.html",
        "hashed_secret": "f8670c6a59f9bde19d706fcb7392899e8d299587",
        "is_verified": false,
        "line_number": 661
      }
    ],
    "build\\reports\\configuration-cache\\5po7iq0s65159sjfas4fqkve2\\6i9qx561ehnbu5inpaxz0q7fh\\configuration-cache-report.html": [
      {
        "type": "Base64 High Entropy String",
        "filename": "build\\reports\\configuration-cache\\5po7iq0s65159sjfas4fqkve2\\6i9qx561ehnbu5inpaxz0q7fh\\configuration-cache-report.html",
        "hashed_secret": "0309fdfdb7b6a393897108de62d131b5916f0a4b",
        "is_verified": false,
        "line_number": 661
      },
      {
        "type": "Base64 High Entropy String",
        "filename": "build\\reports\\configuration-cache\\5po7iq0s65159sjfas4fqkve2\\6i9qx561ehnbu5inpaxz0q7fh\\configuration-cache-report.html",
        "hashed_secret": "045e02bff1b0141e9ed3867cf14fa3e05f9f1255",
        "is_verified": false,
        "line_number": 661
      },
      {
        "type": "Base64 High Entropy String",
        "filename": "build\\reports\\configuration-cache\\5po7iq0s65159sjfas4fqkve2\\6i9qx561ehnbu5inpaxz0q7fh\\configuration-cache-report.html",
        "hashed_secret": "f8670c6a59f9bde19d706fcb7392899e8d299587",
        "is_verified": false,
        "line_number": 661
      }
    ],
    "build\\reports\\configuration-cache\\5po7iq0s65159sjfas4fqkve2\\6znbbjiau2ao1y5f2181rwxq8\\configuration-cache-report.html": [
      {
        "type": "Base64 High Entropy String",
        "filename": "build\\reports\\configuration-cache\\5po7iq0s65159sjfas4fqkve2\\6znbbjiau2ao1y5f2181rwxq8\\configuration-cache-report.html",
        "hashed_secret": "0309fdfdb7b6a393897108de62d131b5916f0a4b",
        "is_verified": false,
        "line_number": 661
      },
      {
        "type": "Base64 High Entropy String",
        "filename": "build\\reports\\configuration-cache\\5po7iq0s65159sjfas4fqkve2\\6znbbjiau2ao1y5f2181rwxq8\\configuration-cache-report.html",
        "hashed_secret": "045e02bff1b0141e9ed3867cf14fa3e05f9f1255",
        "is_verified": false,
        "line_number": 661
      },
      {
        "type": "Base64 High Entropy String",
        "filename": "build\\reports\\configuration-cache\\5po7iq0s65159sjfas4fqkve2\\6znbbjiau2ao1y5f2181rwxq8\\configuration-cache-report.html",
        "hashed_secret": "f8670c6a59f9bde19d706fcb7392899e8d299587",
        "is_verified": false,
        "line_number": 661
      }
    ],
    "build\\reports\\configuration-cache\\5po7iq0s65159sjfas4fqkve2\\8s3whk2u9vkla0bga1itr0caa\\configuration-cache-report.html": [
      {
        "type": "Base64 High Entropy String",
        "filename": "build\\reports\\configuration-cache\\5po7iq0s65159sjfas4fqkve2\\8s3whk2u9vkla0bga1itr0caa\\configuration-cache-report.html",
        "hashed_secret": "0309fdfdb7b6a393897108de62d131b5916f0a4b",
        "is_verified": false,
        "line_number": 661
      },
      {
        "type": "Base64 High Entropy String",
        "filename": "build\\reports\\configuration-cache\\5po7iq0s65159sjfas4fqkve2\\8s3whk2u9vkla0bga1itr0caa\\configuration-cache-report.html",
        "hashed_secret": "045e02bff1b0141e9ed3867cf14fa3e05f9f1255",
        "is_verified": false,
        "line_number": 661
      },
      {
        "type": "Base64 High Entropy String",
        "filename": "build\\reports\\configuration-cache\\5po7iq0s65159sjfas4fqkve2\\8s3whk2u9vkla0bga1itr0caa\\configuration-cache-report.html",
        "hashed_secret": "f8670c6a59f9bde19d706fcb7392899e8d299587",
        "is_verified": false,
        "line_number": 661
      }
    ],
    "build\\reports\\configuration-cache\\5po7iq0s65159sjfas4fqkve2\\b35gh4o7ntjczajzz16bwqyj7\\configuration-cache-report.html": [
      {
        "type": "Base64 High Entropy String",
        "filename": "build\\reports\\configuration-cache\\5po7iq0s65159sjfas4fqkve2\\b35gh4o7ntjczajzz16bwqyj7\\configuration-cache-report.html",
        "hashed_secret": "0309fdfdb7b6a393897108de62d131b5916f0a4b",
        "is_verified": false,
        "line_number": 661
      },
      {
        "type": "Base64 High Entropy String",
        "filename": "build\\reports\\configuration-cache\\5po7iq0s65159sjfas4fqkve2\\b35gh4o7ntjczajzz16bwqyj7\\configuration-cache-report.html",
        "hashed_secret": "045e02bff1b0141e9ed3867cf14fa3e05f9f1255",
        "is_verified": false,
        "line_number": 661
      },
      {
        "type": "Base64 High Entropy String",
        "filename": "build\\reports\\configuration-cache\\5po7iq0s65159sjfas4fqkve2\\b35gh4o7ntjczajzz16bwqyj7\\configuration-cache-report.html",
        "hashed_secret": "f8670c6a59f9bde19d706fcb7392899e8d299587",
        "is_verified": false,
        "line_number": 661
      }
    ],
    "build\\reports\\configuration-cache\\5po7iq0s65159sjfas4fqkve2\\b3yjpq16pdtda6c1vfdcvjko0\\configuration-cache-report.html": [
      {
        "type": "Base64 High Entropy String",
        "filename": "build\\reports\\configuration-cache\\5po7iq0s65159sjfas4fqkve2\\b3yjpq16pdtda6c1vfdcvjko0\\configuration-cache-report.html",
        "hashed_secret": "0309fdfdb7b6a393897108de62d131b5916f0a4b",
        "is_verified": false,
        "line_number": 661
      },
      {
        "type": "Base64 High Entropy String",
        "filename": "build\\reports\\configuration-cache\\5po7iq0s65159sjfas4fqkve2\\b3yjpq16pdtda6c1vfdcvjko0\\configuration-cache-report.html",
        "hashed_secret": "045e02bff1b0141e9ed3867cf14fa3e05f9f1255",
        "is_verified": false,
        "line_number": 661
      },
      {
        "type": "Base64 High Entropy String",
        "filename": "build\\reports\\configuration-cache\\5po7iq0s65159sjfas4fqkve2\\b3yjpq16pdtda6c1vfdcvjko0\\configuration-cache-report.html",
        "hashed_secret": "f8670c6a59f9bde19d706fcb7392899e8d299587",
        "is_verified": false,
        "line_number": 661
      }
    ],
    "build\\reports\\configuration-cache\\5po7iq0s65159sjfas4fqkve2\\b6ox5fy3v4sn9s1a8kpsm1u77\\configuration-cache-report.html": [
      {
        "type": "Base64 High Entropy String",
        "filename": "build\\reports\\configuration-cache\\5po7iq0s65159sjfas4fqkve2\\b6ox5fy3v4sn9s1a8kpsm1u77\\configuration-cache-report.html",
        "hashed_secret": "0309fdfdb7b6a393897108de62d131b5916f0a4b",
        "is_verified": false,
        "line_number": 661
      },
      {
        "type": "Base64 High Entropy String",
        "filename": "build\\reports\\configuration-cache\\5po7iq0s65159sjfas4fqkve2\\b6ox5fy3v4sn9s1a8kpsm1u77\\configuration-cache-report.html",
        "hashed_secret": "045e02bff1b0141e9ed3867cf14fa3e05f9f1255",
        "is_verified": false,
        "line_number": 661
      },
      {
        "type": "Base64 High Entropy String",
        "filename": "build\\reports\\configuration-cache\\5po7iq0s65159sjfas4fqkve2\\b6ox5fy3v4sn9s1a8kpsm1u77\\configuration-cache-report.html",
        "hashed_secret": "f8670c6a59f9bde19d706fcb7392899e8d299587",
        "is_verified": false,
        "line_number": 661
      }
    ],
    "build\\reports\\configuration-cache\\5po7iq0s65159sjfas4fqkve2\\bund5o6h6w58ak8by7frf6wv2\\configuration-cache-report.html": [
      {
        "type": "Base64 High Entropy String",
        "filename": "build\\reports\\configuration-cache\\5po7iq0s65159sjfas4fqkve2\\bund5o6h6w58ak8by7frf6wv2\\configuration-cache-report.html",
        "hashed_secret": "0309fdfdb7b6a393897108de62d131b5916f0a4b",
        "is_verified": false,
        "line_number": 661
      },
      {
        "type": "Base64 High Entropy String",
        "filename": "build\\reports\\configuration-cache\\5po7iq0s65159sjfas4fqkve2\\bund5o6h6w58ak8by7frf6wv2\\configuration-cache-report.html",
        "hashed_secret": "045e02bff1b0141e9ed3867cf14fa3e05f9f1255",
        "is_verified": false,
        "line_number": 661
      },
      {
        "type": "Base64 High Entropy String",
        "filename": "build\\reports\\configuration-cache\\5po7iq0s65159sjfas4fqkve2\\bund5o6h6w58ak8by7frf6wv2\\configuration-cache-report.html",
        "hashed_secret": "f8670c6a59f9bde19d706fcb7392899e8d299587",
        "is_verified": false,
        "line_number": 661
      }
    ],
    "build\\reports\\configuration-cache\\75upc1b7zx2aj3jv641iqipik\\9pt10d9pngstvxp02jpvx9c2k\\configuration-cache-report.html": [
      {
        "type": "Base64 High Entropy String",
        "filename": "build\\reports\\configuration-cache\\75upc1b7zx2aj3jv641iqipik\\9pt10d9pngstvxp02jpvx9c2k\\configuration-cache-report.html",
        "hashed_secret": "0309fdfdb7b6a393897108de62d131b5916f0a4b",
        "is_verified": false,
        "line_number": 661
      },
      {
        "type": "Base64 High Entropy String",
        "filename": "build\\reports\\configuration-cache\\75upc1b7zx2aj3jv641iqipik\\9pt10d9pngstvxp02jpvx9c2k\\configuration-cache-report.html",
        "hashed_secret": "045e02bff1b0141e9ed3867cf14fa3e05f9f1255",
        "is_verified": false,
        "line_number": 661
      },
      {
        "type": "Base64 High Entropy String",
        "filename": "build\\reports\\configuration-cache\\75upc1b7zx2aj3jv641iqipik\\9pt10d9pngstvxp02jpvx9c2k\\configuration-cache-report.html",
        "hashed_secret": "f8670c6a59f9bde19d706fcb7392899e8d299587",
        "is_verified": false,
        "line_number": 661
      }
    ],
    "build\\reports\\configuration-cache\\9p60uve52antkn2oe9hk7r67c\\9qso0d4yyxqnd1p2d4mrdik89\\configuration-cache-report.html": [
      {
        "type": "Base64 High Entropy String",
        "filename": "build\\reports\\configuration-cache\\9p60uve52antkn2oe9hk7r67c\\9qso0d4yyxqnd1p2d4mrdik89\\configuration-cache-report.html",
        "hashed_secret": "0309fdfdb7b6a393897108de62d131b5916f0a4b",
        "is_verified": false,
        "line_number": 661
      },
      {
        "type": "Base64 High Entropy String",
        "filename": "build\\reports\\configuration-cache\\9p60uve52antkn2oe9hk7r67c\\9qso0d4yyxqnd1p2d4mrdik89\\configuration-cache-report.html",
        "hashed_secret": "045e02bff1b0141e9ed3867cf14fa3e05f9f1255",
        "is_verified": false,
        "line_number": 661
      },
      {
        "type": "Base64 High Entropy String",
        "filename": "build\\reports\\configuration-cache\\9p60uve52antkn2oe9hk7r67c\\9qso0d4yyxqnd1p2d4mrdik89\\configuration-cache-report.html",
        "hashed_secret": "f8670c6a59f9bde19d706fcb7392899e8d299587",
        "is_verified": false,
        "line_number": 661
      }
    ],
    "build\\reports\\configuration-cache\\9p60uve52antkn2oe9hk7r67c\\cj6wo0bzbyoyz5cnwk4msim8y\\configuration-cache-report.html": [
      {
        "type": "Base64 High Entropy String",
        "filename": "build\\reports\\configuration-cache\\9p60uve52antkn2oe9hk7r67c\\cj6wo0bzbyoyz5cnwk4msim8y\\configuration-cache-report.html",
        "hashed_secret": "0309fdfdb7b6a393897108de62d131b5916f0a4b",
        "is_verified": false,
        "line_number": 661
      },
      {
        "type": "Base64 High Entropy String",
        "filename": "build\\reports\\configuration-cache\\9p60uve52antkn2oe9hk7r67c\\cj6wo0bzbyoyz5cnwk4msim8y\\configuration-cache-report.html",
        "hashed_secret": "045e02bff1b0141e9ed3867cf14fa3e05f9f1255",
        "is_verified": false,
        "line_number": 661
      },
      {
        "type": "Base64 High Entropy String",
        "filename": "build\\reports\\configuration-cache\\9p60uve52antkn2oe9hk7r67c\\cj6wo0bzbyoyz5cnwk4msim8y\\configuration-cache-report.html",
        "hashed_secret": "f8670c6a59f9bde19d706fcb7392899e8d299587",
        "is_verified": false,
        "line_number": 661
      }
    ],
    "build\\reports\\configuration-cache\\akxfw4261m5k5c4btnau024wj\\amlqj4h75hokrbxsv6g4if3zb\\configuration-cache-report.html": [
      {
        "type": "Base64 High Entropy String",
        "filename": "build\\reports\\configuration-cache\\akxfw4261m5k5c4btnau024wj\\amlqj4h75hokrbxsv6g4if3zb\\configuration-cache-report.html",
        "hashed_secret": "0309fdfdb7b6a393897108de62d131b5916f0a4b",
        "is_verified": false,
        "line_number": 661
      },
      {
        "type": "Base64 High Entropy String",
        "filename": "build\\reports\\configuration-cache\\akxfw4261m5k5c4btnau024wj\\amlqj4h75hokrbxsv6g4if3zb\\configuration-cache-report.html",
        "hashed_secret": "045e02bff1b0141e9ed3867cf14fa3e05f9f1255",
        "is_verified": false,
        "line_number": 661
      },
      {
        "type": "Base64 High Entropy String",
        "filename": "build\\reports\\configuration-cache\\akxfw4261m5k5c4btnau024wj\\amlqj4h75hokrbxsv6g4if3zb\\configuration-cache-report.html",
        "hashed_secret": "f8670c6a59f9bde19d706fcb7392899e8d299587",
        "is_verified": false,
        "line_number": 661
      }
    ],
    "build\\reports\\configuration-cache\\bdl9dlgfehv8kwrixfpzoe9m8\\d4qxbugxdrnsqkn4rekilzzsf\\configuration-cache-report.html": [
      {
        "type": "Base64 High Entropy String",
        "filename": "build\\reports\\configuration-cache\\bdl9dlgfehv8kwrixfpzoe9m8\\d4qxbugxdrnsqkn4rekilzzsf\\configuration-cache-report.html",
        "hashed_secret": "0309fdfdb7b6a393897108de62d131b5916f0a4b",
        "is_verified": false,
        "line_number": 661
      },
      {
        "type": "Base64 High Entropy String",
        "filename": "build\\reports\\configuration-cache\\bdl9dlgfehv8kwrixfpzoe9m8\\d4qxbugxdrnsqkn4rekilzzsf\\configuration-cache-report.html",
        "hashed_secret": "045e02bff1b0141e9ed3867cf14fa3e05f9f1255",
        "is_verified": false,
        "line_number": 661
      },
      {
        "type": "Base64 High Entropy String",
        "filename": "build\\reports\\configuration-cache\\bdl9dlgfehv8kwrixfpzoe9m8\\d4qxbugxdrnsqkn4rekilzzsf\\configuration-cache-report.html",
        "hashed_secret": "f8670c6a59f9bde19d706fcb7392899e8d299587",
        "is_verified": false,
        "line_number": 661
      }
    ],
    "build\\reports\\configuration-cache\\cd8lyd1r5nz2wgal9z56238v8\\3of9ogb2esaui3ase402jvpds\\configuration-cache-report.html": [
      {
        "type": "Base64 High Entropy String",
        "filename": "build\\reports\\configuration-cache\\cd8lyd1r5nz2wgal9z56238v8\\3of9ogb2esaui3ase402jvpds\\configuration-cache-report.html",
        "hashed_secret": "0309fdfdb7b6a393897108de62d131b5916f0a4b",
        "is_verified": false,
        "line_number": 661
      },
      {
        "type": "Base64 High Entropy String",
        "filename": "build\\reports\\configuration-cache\\cd8lyd1r5nz2wgal9z56238v8\\3of9ogb2esaui3ase402jvpds\\configuration-cache-report.html",
        "hashed_secret": "045e02bff1b0141e9ed3867cf14fa3e05f9f1255",
        "is_verified": false,
        "line_number": 661
      },
      {
        "type": "Base64 High Entropy String",
        "filename": "build\\reports\\configuration-cache\\cd8lyd1r5nz2wgal9z56238v8\\3of9ogb2esaui3ase402jvpds\\configuration-cache-report.html",
        "hashed_secret": "f8670c6a59f9bde19d706fcb7392899e8d299587",
        "is_verified": false,
        "line_number": 661
      }
    ],
    "build\\reports\\configuration-cache\\d7d3jjeueno0qvdojh18cqjoj\\8m7i8b4rwp1t621mkhtnllz1t\\configuration-cache-report.html": [
      {
        "type": "Base64 High Entropy String",
        "filename": "build\\reports\\configuration-cache\\d7d3jjeueno0qvdojh18cqjoj\\8m7i8b4rwp1t621mkhtnllz1t\\configuration-cache-report.html",
        "hashed_secret": "0309fdfdb7b6a393897108de62d131b5916f0a4b",
        "is_verified": false,
        "line_number": 661
      },
      {
        "type": "Base64 High Entropy String",
        "filename": "build\\reports\\configuration-cache\\d7d3jjeueno0qvdojh18cqjoj\\8m7i8b4rwp1t621mkhtnllz1t\\configuration-cache-report.html",
        "hashed_secret": "045e02bff1b0141e9ed3867cf14fa3e05f9f1255",
        "is_verified": false,
        "line_number": 661
      },
      {
        "type": "Base64 High Entropy String",
        "filename": "build\\reports\\configuration-cache\\d7d3jjeueno0qvdojh18cqjoj\\8m7i8b4rwp1t621mkhtnllz1t\\configuration-cache-report.html",
        "hashed_secret": "f8670c6a59f9bde19d706fcb7392899e8d299587",
        "is_verified": false,
        "line_number": 661
      }
    ],
    "build\\reports\\configuration-cache\\d7d3jjeueno0qvdojh18cqjoj\\bsiglqxq4395dq9196h9un75t\\configuration-cache-report.html": [
      {
        "type": "Base64 High Entropy String",
        "filename": "build\\reports\\configuration-cache\\d7d3jjeueno0qvdojh18cqjoj\\bsiglqxq4395dq9196h9un75t\\configuration-cache-report.html",
        "hashed_secret": "0309fdfdb7b6a393897108de62d131b5916f0a4b",
        "is_verified": false,
        "line_number": 661
      },
      {
        "type": "Base64 High Entropy String",
        "filename": "build\\reports\\configuration-cache\\d7d3jjeueno0qvdojh18cqjoj\\bsiglqxq4395dq9196h9un75t\\configuration-cache-report.html",
        "hashed_secret": "045e02bff1b0141e9ed3867cf14fa3e05f9f1255",
        "is_verified": false,
        "line_number": 661
      },
      {
        "type": "Base64 High Entropy String",
        "filename": "build\\reports\\configuration-cache\\d7d3jjeueno0qvdojh18cqjoj\\bsiglqxq4395dq9196h9un75t\\configuration-cache-report.html",
        "hashed_secret": "f8670c6a59f9bde19d706fcb7392899e8d299587",
        "is_verified": false,
        "line_number": 661
      }
    ],
    "build\\reports\\configuration-cache\\d7d3jjeueno0qvdojh18cqjoj\\elvp9tu7va0346888hjzvkfls\\configuration-cache-report.html": [
      {
        "type": "Base64 High Entropy String",
        "filename": "build\\reports\\configuration-cache\\d7d3jjeueno0qvdojh18cqjoj\\elvp9tu7va0346888hjzvkfls\\configuration-cache-report.html",
        "hashed_secret": "0309fdfdb7b6a393897108de62d131b5916f0a4b",
        "is_verified": false,
        "line_number": 661
      },
      {
        "type": "Base64 High Entropy String",
        "filename": "build\\reports\\configuration-cache\\d7d3jjeueno0qvdojh18cqjoj\\elvp9tu7va0346888hjzvkfls\\configuration-cache-report.html",
        "hashed_secret": "045e02bff1b0141e9ed3867cf14fa3e05f9f1255",
        "is_verified": false,
        "line_number": 661
      },
      {
        "type": "Base64 High Entropy String",
        "filename": "build\\reports\\configuration-cache\\d7d3jjeueno0qvdojh18cqjoj\\elvp9tu7va0346888hjzvkfls\\configuration-cache-report.html",
        "hashed_secret": "f8670c6a59f9bde19d706fcb7392899e8d299587",
        "is_verified": false,
        "line_number": 661
      }
    ],
    "build\\reports\\configuration-cache\\dv6hp8uflr9y233m56tri229\\37f1i22y67tlabbgopyzs3oa2\\configuration-cache-report.html": [
      {
        "type": "Base64 High Entropy String",
        "filename": "build\\reports\\configuration-cache\\dv6hp8uflr9y233m56tri229\\37f1i22y67tlabbgopyzs3oa2\\configuration-cache-report.html",
        "hashed_secret": "0309fdfdb7b6a393897108de62d131b5916f0a4b",
        "is_verified": false,
        "line_number": 661
      },
      {
        "type": "Base64 High Entropy String",
        "filename": "build\\reports\\configuration-cache\\dv6hp8uflr9y233m56tri229\\37f1i22y67tlabbgopyzs3oa2\\configuration-cache-report.html",
        "hashed_secret": "045e02bff1b0141e9ed3867cf14fa3e05f9f1255",
        "is_verified": false,
        "line_number": 661
      },
      {
        "type": "Base64 High Entropy String",
        "filename": "build\\reports\\configuration-cache\\dv6hp8uflr9y233m56tri229\\37f1i22y67tlabbgopyzs3oa2\\configuration-cache-report.html",
        "hashed_secret": "f8670c6a59f9bde19d706fcb7392899e8d299587",
        "is_verified": false,
        "line_number": 661
      }
    ],
    "build\\reports\\configuration-cache\\dv6hp8uflr9y233m56tri229\\a82kz23jmot28miahq1nztk77\\configuration-cache-report.html": [
      {
        "type": "Base64 High Entropy String",
        "filename": "build\\reports\\configuration-cache\\dv6hp8uflr9y233m56tri229\\a82kz23jmot28miahq1nztk77\\configuration-cache-report.html",
        "hashed_secret": "0309fdfdb7b6a393897108de62d131b5916f0a4b",
        "is_verified": false,
        "line_number": 661
      },
      {
        "type": "Base64 High Entropy String",
        "filename": "build\\reports\\configuration-cache\\dv6hp8uflr9y233m56tri229\\a82kz23jmot28miahq1nztk77\\configuration-cache-report.html",
        "hashed_secret": "045e02bff1b0141e9ed3867cf14fa3e05f9f1255",
        "is_verified": false,
        "line_number": 661
      },
      {
        "type": "Base64 High Entropy String",
        "filename": "build\\reports\\configuration-cache\\dv6hp8uflr9y233m56tri229\\a82kz23jmot28miahq1nztk77\\configuration-cache-report.html",
        "hashed_secret": "f8670c6a59f9bde19d706fcb7392899e8d299587",
        "is_verified": false,
        "line_number": 661
      }
    ],
    "build\\reports\\configuration-cache\\dv6hp8uflr9y233m56tri229\\ayn0gfsmh8uh0qrfo034z20of\\configuration-cache-report.html": [
      {
        "type": "Base64 High Entropy String",
        "filename": "build\\reports\\configuration-cache\\dv6hp8uflr9y233m56tri229\\ayn0gfsmh8uh0qrfo034z20of\\configuration-cache-report.html",
        "hashed_secret": "0309fdfdb7b6a393897108de62d131b5916f0a4b",
        "is_verified": false,
        "line_number": 661
      },
      {
        "type": "Base64 High Entropy String",
        "filename": "build\\reports\\configuration-cache\\dv6hp8uflr9y233m56tri229\\ayn0gfsmh8uh0qrfo034z20of\\configuration-cache-report.html",
        "hashed_secret": "045e02bff1b0141e9ed3867cf14fa3e05f9f1255",
        "is_verified": false,
        "line_number": 661
      },
      {
        "type": "Base64 High Entropy String",
        "filename": "build\\reports\\configuration-cache\\dv6hp8uflr9y233m56tri229\\ayn0gfsmh8uh0qrfo034z20of\\configuration-cache-report.html",
        "hashed_secret": "f8670c6a59f9bde19d706fcb7392899e8d299587",
        "is_verified": false,
        "line_number": 661
      }
    ],
    "build\\reports\\configuration-cache\\nnr1j74gxl5jcpnozdg6opvu\\f57aqqgiwxe7jasqzb4uqxfl\\configuration-cache-report.html": [
      {
        "type": "Base64 High Entropy String",
        "filename": "build\\reports\\configuration-cache\\nnr1j74gxl5jcpnozdg6opvu\\f57aqqgiwxe7jasqzb4uqxfl\\configuration-cache-report.html",
        "hashed_secret": "0309fdfdb7b6a393897108de62d131b5916f0a4b",
        "is_verified": false,
        "line_number": 661
      },
      {
        "type": "Base64 High Entropy String",
        "filename": "build\\reports\\configuration-cache\\nnr1j74gxl5jcpnozdg6opvu\\f57aqqgiwxe7jasqzb4uqxfl\\configuration-cache-report.html",
        "hashed_secret": "045e02bff1b0141e9ed3867cf14fa3e05f9f1255",
        "is_verified": false,
        "line_number": 661
      },
      {
        "type": "Base64 High Entropy String",
        "filename": "build\\reports\\configuration-cache\\nnr1j74gxl5jcpnozdg6opvu\\f57aqqgiwxe7jasqzb4uqxfl\\configuration-cache-report.html",
        "hashed_secret": "f8670c6a59f9bde19d706fcb7392899e8d299587",
        "is_verified": false,
        "line_number": 661
      }
    ],
    "build\\reports\\problems\\problems-report.html": [
      {
        "type": "Base64 High Entropy String",
        "filename": "build\\reports\\problems\\problems-report.html",
        "hashed_secret": "0309fdfdb7b6a393897108de62d131b5916f0a4b",
        "is_verified": false,
        "line_number": 661
      },
      {
        "type": "Base64 High Entropy String",
        "filename": "build\\reports\\problems\\problems-report.html",
        "hashed_secret": "045e02bff1b0141e9ed3867cf14fa3e05f9f1255",
        "is_verified": false,
        "line_number": 661
      },
      {
        "type": "Base64 High Entropy String",
        "filename": "build\\reports\\problems\\problems-report.html",
        "hashed_secret": "f8670c6a59f9bde19d706fcb7392899e8d299587",
        "is_verified": false,
        "line_number": 661
      }
    ],
    "logcat\\.ruff_cache\\CACHEDIR.TAG": [
      {
        "type": "Hex High Entropy String",
        "filename": "logcat\\.ruff_cache\\CACHEDIR.TAG",
        "hashed_secret": "e8f8c345877b2411a59897798e422b15b0c16d76",
        "is_verified": false,
        "line_number": 1
      }
    ],
    "report\\index.html": [
      {
        "type": "Hex High Entropy String",
        "filename": "report\\index.html",
        "hashed_secret": "6a619dc067120b564ebc34b3eed3616c99030ad4",
        "is_verified": false,
        "line_number": 47
      },
      {
        "type": "Hex High Entropy String",
        "filename": "report\\index.html",
        "hashed_secret": "1227a00e073d503601d3c1831b3edd81d8663bc1",
        "is_verified": false,
        "line_number": 116
      },
      {
        "type": "Hex High Entropy String",
        "filename": "report\\index.html",
        "hashed_secret": "06fe4201c3e6cad4c25fb72f5eb8390c67fea14f",
        "is_verified": false,
        "line_number": 245
      },
      {
        "type": "Hex High Entropy String",
        "filename": "report\\index.html",
        "hashed_secret": "a8544d080e9da0eb87dd5dba6ce8daba54f9c952",
        "is_verified": false,
        "line_number": 257
      },
      {
        "type": "Hex High Entropy String",
        "filename": "report\\index.html",
        "hashed_secret": "f59759cc54d50888b7e563ee68002cd85be7c60d",
        "is_verified": false,
        "line_number": 292
      },
      {
        "type": "Hex High Entropy String",
        "filename": "report\\index.html",
        "hashed_secret": "0d1417e65c6010919bb68f62b3040b17d3afa359",
        "is_verified": false,
        "line_number": 486
      },
      {
        "type": "Hex High Entropy String",
        "filename": "report\\index.html",
        "hashed_secret": "7e877b8f394e5061a8076c4a30284433b757904d",
        "is_verified": false,
        "line_number": 815
      },
      {
        "type": "Hex High Entropy String",
        "filename": "report\\index.html",
        "hashed_secret": "21b99b057dd1c28562b33abf9fe7fdfec6eff5c5",
        "is_verified": false,
        "line_number": 1182
      },
      {
        "type": "Hex High Entropy String",
        "filename": "report\\index.html",
        "hashed_secret": "ada7ab002eac36b90331522d40075870c5905aa6",
        "is_verified": false,
        "line_number": 1340
      },
      {
        "type": "Hex High Entropy String",
        "filename": "report\\index.html",
        "hashed_secret": "d356df46bc28c7d7114b67ee1dc0f246e6506b6e",
        "is_verified": false,
        "line_number": 1450
      },
      {
        "type": "Hex High Entropy String",
        "filename": "report\\index.html",
        "hashed_secret": "f9181edaf5182572e49da41ac281553af6ee4a1c",
        "is_verified": false,
        "line_number": 1594
      },
      {
        "type": "Hex High Entropy String",
        "filename": "report\\index.html",
        "hashed_secret": "ec0d0decfea130496903e8525a2bdd31ed3bbb2d",
        "is_verified": false,
        "line_number": 1618
      },
      {
        "type": "Hex High Entropy String",
        "filename": "report\\index.html",
        "hashed_secret": "620685d46374e9f84877772281b4d91069fc6854",
        "is_verified": false,
        "line_number": 1738
      },
      {
        "type": "Hex High Entropy String",
        "filename": "report\\index.html",
        "hashed_secret": "fbbac45ea98c29dc4d1602ad6469e143b4b21eeb",
        "is_verified": false,
        "line_number": 1803
      },
      {
        "type": "Hex High Entropy String",
        "filename": "report\\index.html",
        "hashed_secret": "67d5625648429c140923b12a8d2a34567f46389b",
        "is_verified": false,
        "line_number": 1821
      },
      {
        "type": "Hex High Entropy String",
        "filename": "report\\index.html",
        "hashed_secret": "6b4068c120ff590db2b5ab6aed6b9ebc64712421",
        "is_verified": false,
        "line_number": 1831
      },
      {
        "type": "Hex High Entropy String",
        "filename": "report\\index.html",
        "hashed_secret": "9dd971d10c4da1362b6b757a7d74c5d414fa1123",
        "is_verified": false,
        "line_number": 1896
      },
      {
        "type": "Hex High Entropy String",
        "filename": "report\\index.html",
        "hashed_secret": "4aa2d55b7236f489205a51b126203c407f6d9ab8",
        "is_verified": false,
        "line_number": 2004
      },
      {
        "type": "Hex High Entropy String",
        "filename": "report\\index.html",
        "hashed_secret": "1e098a20cbeab17fba726bfeb079baa690b6de3a",
        "is_verified": false,
        "line_number": 2051
      },
      {
        "type": "Hex High Entropy String",
        "filename": "report\\index.html",
        "hashed_secret": "c04c9587a59136312a3b0adac4f3cdcdcda49fcb",
        "is_verified": false,
        "line_number": 2218
      },
      {
        "type": "Hex High Entropy String",
        "filename": "report\\index.html",
        "hashed_secret": "434aaf43dab9045de250c34fda5d4cd06cbb798a",
        "is_verified": false,
        "line_number": 2228
      },
      {
        "type": "Hex High Entropy String",
        "filename": "report\\index.html",
        "hashed_secret": "b27bf183491b1586787ebef4cc2f77f5cba48d58",
        "is_verified": false,
        "line_number": 2280
      },
      {
        "type": "Hex High Entropy String",
        "filename": "report\\index.html",
        "hashed_secret": "71a705939446793aa77c1bec31cca3b1b4bc7046",
        "is_verified": false,
        "line_number": 2306
      },
      {
        "type": "Hex High Entropy String",
        "filename": "report\\index.html",
        "hashed_secret": "ba628ef65caf1ed94c21451646e3e0adb09c5342",
        "is_verified": false,
        "line_number": 2320
      },
      {
        "type": "Hex High Entropy String",
        "filename": "report\\index.html",
        "hashed_secret": "c1b3f1baea3a874484b0a00c78d7fcdd701e0fff",
        "is_verified": false,
        "line_number": 2330
      },
      {
        "type": "Hex High Entropy String",
        "filename": "report\\index.html",
        "hashed_secret": "1a04bab12fd1f85a460f9848812ecf8da70f13b6",
        "is_verified": false,
        "line_number": 2483
      },
      {
        "type": "Hex High Entropy String",
        "filename": "report\\index.html",
        "hashed_secret": "75bf114333070b23ce68cb9408d9c0a26848ca23",
        "is_verified": false,
        "line_number": 2633
      },
      {
        "type": "Hex High Entropy String",
        "filename": "report\\index.html",
        "hashed_secret": "c157314c162b4df956005b64e087ffa6ca74135b",
        "is_verified": false,
        "line_number": 2687
      },
      {
        "type": "Hex High Entropy String",
        "filename": "report\\index.html",
        "hashed_secret": "1532f60828cea5bed92e188e989625c19e34ef1c",
        "is_verified": false,
        "line_number": 2899
      },
      {
        "type": "Hex High Entropy String",
        "filename": "report\\index.html",
        "hashed_secret": "0f9009d086d375f2fea1382eb231dc48c6428a4a",
        "is_verified": false,
        "line_number": 3037
      },
      {
        "type": "Hex High Entropy String",
        "filename": "report\\index.html",
        "hashed_secret": "0ff9be1296728849c55c71d973d682f9bfeb63b4",
        "is_verified": false,
        "line_number": 3190
      },
      {
        "type": "Hex High Entropy String",
        "filename": "report\\index.html",
        "hashed_secret": "5344a05c3f8fb0c200c7a97893e4c79b1a1dcfbd",
        "is_verified": false,
        "line_number": 3202
      },
      {
        "type": "Hex High Entropy String",
        "filename": "report\\index.html",
        "hashed_secret": "74cf7c6b3442d6c82fc2819125e88a3691321be0",
        "is_verified": false,
        "line_number": 3229
      },
      {
        "type": "Hex High Entropy String",
        "filename": "report\\index.html",
        "hashed_secret": "2a5b31af24dd83974b5c15596073a8b4a847b148",
        "is_verified": false,
        "line_number": 3245
      },
      {
        "type": "Hex High Entropy String",
        "filename": "report\\index.html",
        "hashed_secret": "69f4acabdd4aea5e7db3dae38a09e1b8dead333a",
        "is_verified": false,
        "line_number": 3265
      },
      {
        "type": "Hex High Entropy String",
        "filename": "report\\index.html",
        "hashed_secret": "1a78595a5b3c4c5906804fb3e7e02d10d0e8ffd7",
        "is_verified": false,
        "line_number": 3276
      },
      {
        "type": "Hex High Entropy String",
        "filename": "report\\index.html",
        "hashed_secret": "e2c515325bb76af31c683e5bab36eb06e43adc16",
        "is_verified": false,
        "line_number": 3440
      },
      {
        "type": "Hex High Entropy String",
        "filename": "report\\index.html",
        "hashed_secret": "9e68d540a5b79eb8454815a90588c1d0ca21c7be",
        "is_verified": false,
        "line_number": 3470
      },
      {
        "type": "Hex High Entropy String",
        "filename": "report\\index.html",
        "hashed_secret": "a946267885c340496b6dddfcabecf896fd42fde1",
        "is_verified": false,
        "line_number": 3496
      },
      {
        "type": "Hex High Entropy String",
        "filename": "report\\index.html",
        "hashed_secret": "489cb066e56da8a10f33733780008d02fc9c47b9",
        "is_verified": false,
        "line_number": 3535
      },
      {
        "type": "Hex High Entropy String",
        "filename": "report\\index.html",
        "hashed_secret": "2342ac5720ee1e62600d31dea79e67ccb1f0bb2e",
        "is_verified": false,
        "line_number": 3588
      },
      {
        "type": "Hex High Entropy String",
        "filename": "report\\index.html",
        "hashed_secret": "9a04b7cf05c0762dcb14776a0864c3b8bf0241aa",
        "is_verified": false,
        "line_number": 3898
      },
      {
        "type": "Hex High Entropy String",
        "filename": "report\\index.html",
        "hashed_secret": "cd898573f20a0e4cf0ce895f9c3e77f35fff1782",
        "is_verified": false,
        "line_number": 3979
      },
      {
        "type": "Hex High Entropy String",
        "filename": "report\\index.html",
        "hashed_secret": "dc5ef74684fa682a2d69371f945fd0593412aaae",
        "is_verified": false,
        "line_number": 4081
      },
      {
        "type": "Hex High Entropy String",
        "filename": "report\\index.html",
        "hashed_secret": "86c8be98390b30350e513feac2ed7ce8f0620671",
        "is_verified": false,
        "line_number": 4321
      },
      {
        "type": "Hex High Entropy String",
        "filename": "report\\index.html",
        "hashed_secret": "edfff872eb46d1da89d9cf81494420eca5fe0a23",
        "is_verified": false,
        "line_number": 4557
      },
      {
        "type": "Hex High Entropy String",
        "filename": "report\\index.html",
        "hashed_secret": "f92e19c91ef3c3600fb7056ff8ee2aa88bc35fcd",
        "is_verified": false,
        "line_number": 4833
      },
      {
        "type": "Hex High Entropy String",
        "filename": "report\\index.html",
        "hashed_secret": "06c50f71ca0fa2fef8e15dbd5ae1e1708a90dc14",
        "is_verified": false,
        "line_number": 4924
      },
      {
        "type": "Hex High Entropy String",
        "filename": "report\\index.html",
        "hashed_secret": "af7b01186cb0a5115dc0c8834c515e0d00dc6e5f",
        "is_verified": false,
        "line_number": 4950
      },
      {
        "type": "Hex High Entropy String",
        "filename": "report\\index.html",
        "hashed_secret": "6d99f436ad325be20c9e0b54140e5ff5ab6dfdd7",
        "is_verified": false,
        "line_number": 4980
      },
      {
        "type": "Hex High Entropy String",
        "filename": "report\\index.html",
        "hashed_secret": "4d332f26969f986ff8624eb9944b49461c3e56d4",
        "is_verified": false,
        "line_number": 5688
      },
      {
        "type": "Hex High Entropy String",
        "filename": "report\\index.html",
        "hashed_secret": "b9b916d3ee2da4469212f01f489cf54f73e972c1",
        "is_verified": false,
        "line_number": 5883
      },
      {
        "type": "Hex High Entropy String",
        "filename": "report\\index.html",
        "hashed_secret": "607e0bfabeb1fb9d6eb62e44306af83674c51429",
        "is_verified": false,
        "line_number": 6249
      },
      {
        "type": "Hex High Entropy String",
        "filename": "report\\index.html",
        "hashed_secret": "dd5f7562711bcd8dd281ccdf9840ee00628261d6",
        "is_verified": false,
        "line_number": 6276
      },
      {
        "type": "Hex High Entropy String",
        "filename": "report\\index.html",
        "hashed_secret": "d3c54c9314866081f88e690a50b8c66894ccca5f",
        "is_verified": false,
        "line_number": 7036
      },
      {
        "type": "Hex High Entropy String",
        "filename": "report\\index.html",
        "hashed_secret": "a775d3ec7bf3de41eb15bae375a69b972e0dc7d3",
        "is_verified": false,
        "line_number": 7081
      },
      {
        "type": "Hex High Entropy String",
        "filename": "report\\index.html",
        "hashed_secret": "6ac9cc7ebba7551fcd849d5427709d8924f7babe",
        "is_verified": false,
        "line_number": 7156
      },
      {
        "type": "Hex High Entropy String",
        "filename": "report\\index.html",
        "hashed_secret": "428a470c8c54d9c5dd53aa6f24e2bc95b6480f74",
        "is_verified": false,
        "line_number": 7226
      },
      {
        "type": "Hex High Entropy String",
        "filename": "report\\index.html",
        "hashed_secret": "9b3e5192f70b1d300a2203ebb12a46da4c580990",
        "is_verified": false,
        "line_number": 8022
      },
      {
        "type": "Hex High Entropy String",
        "filename": "report\\index.html",
        "hashed_secret": "b49def19f381ff0ce6c327d51dccdb9a84b906bd",
        "is_verified": false,
        "line_number": 9183
      },
      {
        "type": "Hex High Entropy String",
        "filename": "report\\index.html",
        "hashed_secret": "b8a2fa69639361abd4136f52270d7b6e2b805d7d",
        "is_verified": false,
        "line_number": 15246
      },
      {
        "type": "Hex High Entropy String",
        "filename": "report\\index.html",
        "hashed_secret": "397b9b00a0e4b72214a9864fcbb89e21f39365db",
        "is_verified": false,
        "line_number": 15504
      },
      {
        "type": "Hex High Entropy String",
        "filename": "report\\index.html",
        "hashed_secret": "ffd1f2617140fecf6f6d1f93c78b1b156ada0ed0",
        "is_verified": false,
        "line_number": 15762
      },
      {
        "type": "Hex High Entropy String",
        "filename": "report\\index.html",
        "hashed_secret": "1142b3787386db5caf510c39d063a1e6992190dd",
        "is_verified": false,
        "line_number": 16923
      },
      {
        "type": "Hex High Entropy String",
        "filename": "report\\index.html",
        "hashed_secret": "2e2e4d568cfc0854f36c9ab51e41fc85b0670ea7",
        "is_verified": false,
        "line_number": 17181
      },
      {
        "type": "Hex High Entropy String",
        "filename": "report\\index.html",
        "hashed_secret": "689eb4bd5c572339fb864c553649e11fc867a39e",
        "is_verified": false,
        "line_number": 17310
      },
      {
        "type": "Hex High Entropy String",
        "filename": "report\\index.html",
        "hashed_secret": "e528468088faf875a5442d292252d62cf798d42e",
        "is_verified": false,
        "line_number": 19632
      },
      {
        "type": "Hex High Entropy String",
        "filename": "report\\index.html",
        "hashed_secret": "f2b8a42d77402376012d2fde18003473371d4428",
        "is_verified": false,
        "line_number": 21825
      },
      {
        "type": "Hex High Entropy String",
        "filename": "report\\index.html",
        "hashed_secret": "5c847a5fe6bfdb59cfe334c406406711ec475190",
        "is_verified": false,
        "line_number": 22083
      },
      {
        "type": "Hex High Entropy String",
        "filename": "report\\index.html",
        "hashed_secret": "7b56c95d9ebfefd1fbaea31d599c90ca77bd2edd",
        "is_verified": false,
        "line_number": 22767
      },
      {
        "type": "Hex High Entropy String",
        "filename": "report\\index.html",
        "hashed_secret": "d49b130aa1ab53bc906fd3604274f09122eda6df",
        "is_verified": false,
        "line_number": 22805
      },
      {
        "type": "Hex High Entropy String",
        "filename": "report\\index.html",
        "hashed_secret": "00fd2de0716105ffc13a7f0ed6db83be79a9ab47",
        "is_verified": false,
        "line_number": 22822
      },
      {
        "type": "Hex High Entropy String",
        "filename": "report\\index.html",
        "hashed_secret": "3042d2d89b3624fff7ef6924861b2d645e9ee311",
        "is_verified": false,
        "line_number": 22858
      },
      {
        "type": "Hex High Entropy String",
        "filename": "report\\index.html",
        "hashed_secret": "9b3ea5ced80452fd749c92f531f4fa14656cdcd3",
        "is_verified": false,
        "line_number": 23162
      },
      {
        "type": "Hex High Entropy String",
        "filename": "report\\index.html",
        "hashed_secret": "33b1d019a7efcd396c34de05a6e2357a426093d1",
        "is_verified": false,
        "line_number": 24362
      },
      {
        "type": "Hex High Entropy String",
        "filename": "report\\index.html",
        "hashed_secret": "6923c289d616a0ebdea4f91cd95f5cf0b95cf66d",
        "is_verified": false,
        "line_number": 30162
      },
      {
        "type": "Hex High Entropy String",
        "filename": "report\\index.html",
        "hashed_secret": "a6080ad182431c98a5c5f2d82c4c94670d5aef14",
        "is_verified": false,
        "line_number": 30262
      },
      {
        "type": "Hex High Entropy String",
        "filename": "report\\index.html",
        "hashed_secret": "643cc03930c6035d1d600f140c8693587fc21266",
        "is_verified": false,
        "line_number": 32557
      },
      {
        "type": "Hex High Entropy String",
        "filename": "report\\index.html",
        "hashed_secret": "f80a2865df96a849ab2a657cca303f754f406a69",
        "is_verified": false,
        "line_number": 32794
      },
      {
        "type": "Hex High Entropy String",
        "filename": "report\\index.html",
        "hashed_secret": "49067abca78207e228f01635145315602f851411",
        "is_verified": false,
        "line_number": 33031
      },
      {
        "type": "Hex High Entropy String",
        "filename": "report\\index.html",
        "hashed_secret": "5a0ffaaf076d616bc16382a6de660238137f7fd9",
        "is_verified": false,
        "line_number": 33821
      },
      {
        "type": "Hex High Entropy String",
        "filename": "report\\index.html",
        "hashed_secret": "5ebb799ff5b4e14fd4120fd3423ad7e96f5e9086",
        "is_verified": false,
        "line_number": 34216
      },
      {
        "type": "Hex High Entropy String",
        "filename": "report\\index.html",
        "hashed_secret": "4e97c2f2e0ab82b3f0a7c1aee7ac0cdb7ee514b0",
        "is_verified": false,
        "line_number": 34690
      },
      {
        "type": "Hex High Entropy String",
        "filename": "report\\index.html",
        "hashed_secret": "4981102f8d6f5e0124483012d7dbd50256a93349",
        "is_verified": false,
        "line_number": 35401
      },
      {
        "type": "Hex High Entropy String",
        "filename": "report\\index.html",
        "hashed_secret": "4b721d27b8de483cbc52d22fdf2a2b6a35dba8b9",
        "is_verified": false,
        "line_number": 35717
      },
      {
        "type": "Hex High Entropy String",
        "filename": "report\\index.html",
        "hashed_secret": "805666455ba925ae5b86d16f477cabe963c8fcef",
        "is_verified": false,
        "line_number": 36902
      },
      {
        "type": "Hex High Entropy String",
        "filename": "report\\index.html",
        "hashed_secret": "ad29d96a0f0e3c19abff05873ce954ae2f11e8e9",
        "is_verified": false,
        "line_number": 37747
      }
    ],
    "screenshots\\uic.xml": [
      {
        "type": "Secret Keyword",
        "filename": "screenshots\\uic.xml",
        "hashed_secret": "7cb6efb98ba5972a9b5090dc2e517fe14d12cb04",
        "is_verified": false,
        "line_number": 1
      }
    ]
  },
  "generated_at": "2026-07-11T03:59:44Z"
}
